Warning: You are sending unauthenticated requests to the HF Hub. Please set a HF_TOKEN to enable higher rate limits and faster downloads.
=== HAM10000 (Preprocessed): [CNN] su cuda ===

==================== Fold 1/5 ====================
Epoca 01/20 | TrLoss: 0.9966 | ValLoss: 0.7723 | PR-AUC: 0.5362 | Recall: 0.8520 | MCC: 0.3882
Epoca 02/20 | TrLoss: 0.7736 | ValLoss: 0.6944 | PR-AUC: 0.5838 | Recall: 0.7444 | MCC: 0.4895
Epoca 03/20 | TrLoss: 0.6943 | ValLoss: 0.6719 | PR-AUC: 0.6224 | Recall: 0.7713 | MCC: 0.5412
Epoca 04/20 | TrLoss: 0.6550 | ValLoss: 0.6315 | PR-AUC: 0.6531 | Recall: 0.8565 | MCC: 0.4805
Epoca 05/20 | TrLoss: 0.5816 | ValLoss: 0.6832 | PR-AUC: 0.6366 | Recall: 0.7578 | MCC: 0.5659
Epoca 06/20 | TrLoss: 0.5590 | ValLoss: 0.6777 | PR-AUC: 0.6354 | Recall: 0.7668 | MCC: 0.5497
Epoca 07/20 | TrLoss: 0.5006 | ValLoss: 0.8656 | PR-AUC: 0.6011 | Recall: 0.6054 | MCC: 0.5262
Epoca 08/20 | TrLoss: 0.4775 | ValLoss: 0.7790 | PR-AUC: 0.6345 | Recall: 0.6861 | MCC: 0.5700
Epoca 09/20 | TrLoss: 0.4315 | ValLoss: 0.7642 | PR-AUC: 0.6294 | Recall: 0.7085 | MCC: 0.5737
Epoca 10/20 | TrLoss: 0.4264 | ValLoss: 0.8189 | PR-AUC: 0.6672 | Recall: 0.7085 | MCC: 0.6049
Epoca 11/20 | TrLoss: 0.3766 | ValLoss: 0.9195 | PR-AUC: 0.6523 | Recall: 0.6278 | MCC: 0.5521
Epoca 12/20 | TrLoss: 0.3843 | ValLoss: 0.9594 | PR-AUC: 0.6298 | Recall: 0.6502 | MCC: 0.5911
Epoca 13/20 | TrLoss: 0.3475 | ValLoss: 0.9026 | PR-AUC: 0.6209 | Recall: 0.7040 | MCC: 0.5574
Epoca 14/20 | TrLoss: 0.3480 | ValLoss: 0.7500 | PR-AUC: 0.5682 | Recall: 0.7534 | MCC: 0.5298
Epoca 15/20 | TrLoss: 0.3242 | ValLoss: 1.2340 | PR-AUC: 0.5694 | Recall: 0.5381 | MCC: 0.5392
Epoca 16/20 | TrLoss: 0.3006 | ValLoss: 1.2598 | PR-AUC: 0.6301 | Recall: 0.5381 | MCC: 0.5449
Epoca 17/20 | TrLoss: 0.2809 | ValLoss: 1.3501 | PR-AUC: 0.5614 | Recall: 0.5426 | MCC: 0.5390
Epoca 18/20 | TrLoss: 0.2825 | ValLoss: 0.9732 | PR-AUC: 0.6321 | Recall: 0.6906 | MCC: 0.5542
Epoca 19/20 | TrLoss: 0.2687 | ValLoss: 1.6575 | PR-AUC: 0.5935 | Recall: 0.3946 | MCC: 0.4786
Epoca 20/20 | TrLoss: 0.2297 | ValLoss: 1.1519 | PR-AUC: 0.6153 | Recall: 0.6233 | MCC: 0.5488

==================== Fold 2/5 ====================
Epoca 01/20 | TrLoss: 0.9972 | ValLoss: 0.8189 | PR-AUC: 0.4980 | Recall: 0.7162 | MCC: 0.3963
Epoca 02/20 | TrLoss: 0.7721 | ValLoss: 0.7439 | PR-AUC: 0.5893 | Recall: 0.7658 | MCC: 0.4252
Epoca 03/20 | TrLoss: 0.7127 | ValLoss: 0.7699 | PR-AUC: 0.5940 | Recall: 0.6982 | MCC: 0.4472
Epoca 04/20 | TrLoss: 0.6482 | ValLoss: 0.7681 | PR-AUC: 0.6034 | Recall: 0.6802 | MCC: 0.4631
Epoca 05/20 | TrLoss: 0.6017 | ValLoss: 0.8256 | PR-AUC: 0.6726 | Recall: 0.6036 | MCC: 0.5381
Epoca 06/20 | TrLoss: 0.5765 | ValLoss: 0.6522 | PR-AUC: 0.6832 | Recall: 0.8694 | MCC: 0.4975
Epoca 07/20 | TrLoss: 0.5191 | ValLoss: 0.8613 | PR-AUC: 0.6672 | Recall: 0.6216 | MCC: 0.5222
Epoca 08/20 | TrLoss: 0.4721 | ValLoss: 0.7223 | PR-AUC: 0.6958 | Recall: 0.7387 | MCC: 0.5579
Epoca 09/20 | TrLoss: 0.4671 | ValLoss: 0.6131 | PR-AUC: 0.6759 | Recall: 0.8739 | MCC: 0.5552
Epoca 10/20 | TrLoss: 0.4266 | ValLoss: 0.6551 | PR-AUC: 0.7008 | Recall: 0.8018 | MCC: 0.5462
Epoca 11/20 | TrLoss: 0.4083 | ValLoss: 0.7258 | PR-AUC: 0.6674 | Recall: 0.7973 | MCC: 0.5491
Epoca 12/20 | TrLoss: 0.3853 | ValLoss: 0.8109 | PR-AUC: 0.6996 | Recall: 0.7117 | MCC: 0.5598
Epoca 13/20 | TrLoss: 0.3970 | ValLoss: 0.9061 | PR-AUC: 0.6725 | Recall: 0.6757 | MCC: 0.5564
Epoca 14/20 | TrLoss: 0.3286 | ValLoss: 0.7701 | PR-AUC: 0.7038 | Recall: 0.7703 | MCC: 0.5451
Epoca 15/20 | TrLoss: 0.3203 | ValLoss: 0.9862 | PR-AUC: 0.7246 | Recall: 0.6081 | MCC: 0.5910
Epoca 16/20 | TrLoss: 0.3077 | ValLoss: 1.1163 | PR-AUC: 0.6678 | Recall: 0.5360 | MCC: 0.5391
Epoca 17/20 | TrLoss: 0.2883 | ValLoss: 0.9988 | PR-AUC: 0.6825 | Recall: 0.6441 | MCC: 0.5266
Epoca 18/20 | TrLoss: 0.2753 | ValLoss: 0.9817 | PR-AUC: 0.6668 | Recall: 0.6306 | MCC: 0.5680
Epoca 19/20 | TrLoss: 0.2582 | ValLoss: 0.8126 | PR-AUC: 0.6764 | Recall: 0.7838 | MCC: 0.5369
Epoca 20/20 | TrLoss: 0.2572 | ValLoss: 1.0370 | PR-AUC: 0.6795 | Recall: 0.6216 | MCC: 0.5580

==================== Fold 3/5 ====================
Epoca 01/20 | TrLoss: 0.9852 | ValLoss: 0.7871 | PR-AUC: 0.5560 | Recall: 0.7534 | MCC: 0.4303
Epoca 02/20 | TrLoss: 0.7592 | ValLoss: 0.6906 | PR-AUC: 0.6304 | Recall: 0.9148 | MCC: 0.4161
Epoca 03/20 | TrLoss: 0.7008 | ValLoss: 0.7281 | PR-AUC: 0.6356 | Recall: 0.7489 | MCC: 0.5278
Epoca 04/20 | TrLoss: 0.6658 | ValLoss: 0.6931 | PR-AUC: 0.6499 | Recall: 0.7668 | MCC: 0.5229
Epoca 05/20 | TrLoss: 0.6182 | ValLoss: 0.6755 | PR-AUC: 0.6847 | Recall: 0.7489 | MCC: 0.5505
Epoca 06/20 | TrLoss: 0.5563 | ValLoss: 0.9205 | PR-AUC: 0.6146 | Recall: 0.5964 | MCC: 0.5410
Epoca 07/20 | TrLoss: 0.5498 | ValLoss: 0.6681 | PR-AUC: 0.6600 | Recall: 0.8027 | MCC: 0.5283
Epoca 08/20 | TrLoss: 0.4881 | ValLoss: 0.7010 | PR-AUC: 0.6694 | Recall: 0.7848 | MCC: 0.5352
Epoca 09/20 | TrLoss: 0.4673 | ValLoss: 0.7646 | PR-AUC: 0.6558 | Recall: 0.7399 | MCC: 0.5215
Epoca 10/20 | TrLoss: 0.4610 | ValLoss: 0.9718 | PR-AUC: 0.6356 | Recall: 0.6413 | MCC: 0.5303
Epoca 11/20 | TrLoss: 0.4035 | ValLoss: 0.9774 | PR-AUC: 0.6455 | Recall: 0.7130 | MCC: 0.5276
Epoca 12/20 | TrLoss: 0.3917 | ValLoss: 0.9879 | PR-AUC: 0.6855 | Recall: 0.6413 | MCC: 0.5344
Epoca 13/20 | TrLoss: 0.3973 | ValLoss: 0.8142 | PR-AUC: 0.6751 | Recall: 0.7220 | MCC: 0.5385
Epoca 14/20 | TrLoss: 0.3374 | ValLoss: 0.9314 | PR-AUC: 0.6621 | Recall: 0.6951 | MCC: 0.5299
Epoca 15/20 | TrLoss: 0.3512 | ValLoss: 0.7798 | PR-AUC: 0.6537 | Recall: 0.7489 | MCC: 0.5029
Epoca 16/20 | TrLoss: 0.3455 | ValLoss: 1.0839 | PR-AUC: 0.6652 | Recall: 0.6278 | MCC: 0.5231
Epoca 17/20 | TrLoss: 0.2964 | ValLoss: 1.3688 | PR-AUC: 0.6150 | Recall: 0.5112 | MCC: 0.4873
Epoca 18/20 | TrLoss: 0.3134 | ValLoss: 0.8645 | PR-AUC: 0.6739 | Recall: 0.6951 | MCC: 0.5311
Epoca 19/20 | TrLoss: 0.2726 | ValLoss: 0.9425 | PR-AUC: 0.6822 | Recall: 0.6861 | MCC: 0.5497
Epoca 20/20 | TrLoss: 0.2673 | ValLoss: 0.7720 | PR-AUC: 0.6763 | Recall: 0.8251 | MCC: 0.5236

==================== Fold 4/5 ====================
Epoca 01/20 | TrLoss: 1.0143 | ValLoss: 0.7672 | PR-AUC: 0.5378 | Recall: 0.7072 | MCC: 0.4397
Epoca 02/20 | TrLoss: 0.8026 | ValLoss: 0.6436 | PR-AUC: 0.6232 | Recall: 0.8063 | MCC: 0.4778
Epoca 03/20 | TrLoss: 0.7344 | ValLoss: 0.6430 | PR-AUC: 0.6380 | Recall: 0.8784 | MCC: 0.4449
Epoca 04/20 | TrLoss: 0.6770 | ValLoss: 0.6537 | PR-AUC: 0.6439 | Recall: 0.7297 | MCC: 0.5321
Epoca 05/20 | TrLoss: 0.6227 | ValLoss: 0.6062 | PR-AUC: 0.6506 | Recall: 0.8333 | MCC: 0.5199
Epoca 06/20 | TrLoss: 0.6013 | ValLoss: 0.5914 | PR-AUC: 0.7026 | Recall: 0.7973 | MCC: 0.6057
Epoca 07/20 | TrLoss: 0.5591 | ValLoss: 0.5729 | PR-AUC: 0.6891 | Recall: 0.8288 | MCC: 0.5379
Epoca 08/20 | TrLoss: 0.5147 | ValLoss: 0.5515 | PR-AUC: 0.7087 | Recall: 0.8243 | MCC: 0.5604
Epoca 09/20 | TrLoss: 0.4990 | ValLoss: 0.5559 | PR-AUC: 0.7387 | Recall: 0.8288 | MCC: 0.5881
Epoca 10/20 | TrLoss: 0.4496 | ValLoss: 0.6193 | PR-AUC: 0.6826 | Recall: 0.7973 | MCC: 0.5087
Epoca 11/20 | TrLoss: 0.4216 | ValLoss: 0.7001 | PR-AUC: 0.6749 | Recall: 0.8604 | MCC: 0.4845
Epoca 12/20 | TrLoss: 0.3937 | ValLoss: 0.9091 | PR-AUC: 0.7135 | Recall: 0.6532 | MCC: 0.5526
Epoca 13/20 | TrLoss: 0.3792 | ValLoss: 0.7010 | PR-AUC: 0.7256 | Recall: 0.7793 | MCC: 0.5621
Epoca 14/20 | TrLoss: 0.3720 | ValLoss: 0.8268 | PR-AUC: 0.6979 | Recall: 0.7117 | MCC: 0.5823
Epoca 15/20 | TrLoss: 0.3221 | ValLoss: 1.0950 | PR-AUC: 0.7174 | Recall: 0.6306 | MCC: 0.5829
Epoca 16/20 | TrLoss: 0.3261 | ValLoss: 0.8359 | PR-AUC: 0.7060 | Recall: 0.7928 | MCC: 0.5313
Epoca 17/20 | TrLoss: 0.3006 | ValLoss: 1.1798 | PR-AUC: 0.6200 | Recall: 0.6261 | MCC: 0.4866
Epoca 18/20 | TrLoss: 0.3305 | ValLoss: 0.7179 | PR-AUC: 0.7261 | Recall: 0.8378 | MCC: 0.5457
Epoca 19/20 | TrLoss: 0.2701 | ValLoss: 0.9821 | PR-AUC: 0.7046 | Recall: 0.6667 | MCC: 0.5669
Epoca 20/20 | TrLoss: 0.2628 | ValLoss: 1.2407 | PR-AUC: 0.7004 | Recall: 0.6532 | MCC: 0.5512

==================== Fold 5/5 ====================
Epoca 01/20 | TrLoss: 1.0337 | ValLoss: 0.7683 | PR-AUC: 0.5328 | Recall: 0.8520 | MCC: 0.3846
Epoca 02/20 | TrLoss: 0.7727 | ValLoss: 0.8016 | PR-AUC: 0.5856 | Recall: 0.6592 | MCC: 0.5113
Epoca 03/20 | TrLoss: 0.7063 | ValLoss: 0.7441 | PR-AUC: 0.6297 | Recall: 0.6996 | MCC: 0.5503
Epoca 04/20 | TrLoss: 0.6306 | ValLoss: 0.6883 | PR-AUC: 0.6262 | Recall: 0.8296 | MCC: 0.5073
Epoca 05/20 | TrLoss: 0.5914 | ValLoss: 0.6668 | PR-AUC: 0.6449 | Recall: 0.7982 | MCC: 0.5453
Epoca 06/20 | TrLoss: 0.5585 | ValLoss: 0.7501 | PR-AUC: 0.6123 | Recall: 0.7175 | MCC: 0.5154
Epoca 07/20 | TrLoss: 0.5206 | ValLoss: 0.9171 | PR-AUC: 0.6224 | Recall: 0.6054 | MCC: 0.5368
Epoca 08/20 | TrLoss: 0.5086 | ValLoss: 0.8288 | PR-AUC: 0.6281 | Recall: 0.6547 | MCC: 0.5416
Epoca 09/20 | TrLoss: 0.4612 | ValLoss: 0.9819 | PR-AUC: 0.6318 | Recall: 0.5740 | MCC: 0.5455
Epoca 10/20 | TrLoss: 0.4408 | ValLoss: 0.8496 | PR-AUC: 0.6490 | Recall: 0.6592 | MCC: 0.5784
Epoca 11/20 | TrLoss: 0.4192 | ValLoss: 0.8953 | PR-AUC: 0.6356 | Recall: 0.6592 | MCC: 0.5575
Epoca 12/20 | TrLoss: 0.3919 | ValLoss: 0.8174 | PR-AUC: 0.6356 | Recall: 0.7444 | MCC: 0.5363
Epoca 13/20 | TrLoss: 0.3716 | ValLoss: 0.8710 | PR-AUC: 0.6543 | Recall: 0.7265 | MCC: 0.5463
Epoca 14/20 | TrLoss: 0.3520 | ValLoss: 0.8356 | PR-AUC: 0.6155 | Recall: 0.7848 | MCC: 0.5352
Epoca 15/20 | TrLoss: 0.3349 | ValLoss: 1.0528 | PR-AUC: 0.6197 | Recall: 0.6637 | MCC: 0.5523
Epoca 16/20 | TrLoss: 0.3195 | ValLoss: 1.3487 | PR-AUC: 0.6361 | Recall: 0.5785 | MCC: 0.5651
Epoca 17/20 | TrLoss: 0.2977 | ValLoss: 0.9924 | PR-AUC: 0.6020 | Recall: 0.6143 | MCC: 0.5103
Epoca 18/20 | TrLoss: 0.2906 | ValLoss: 1.3768 | PR-AUC: 0.6318 | Recall: 0.5336 | MCC: 0.5532
Epoca 19/20 | TrLoss: 0.2622 | ValLoss: 0.9914 | PR-AUC: 0.6337 | Recall: 0.6816 | MCC: 0.5075
Epoca 20/20 | TrLoss: 0.2616 | ValLoss: 1.7029 | PR-AUC: 0.6129 | Recall: 0.5202 | MCC: 0.5508

[FINE] Metriche registrate in: outputs/metrics_ham10000_cnn.csv
