nohup: ignoring input
Warning: You are sending unauthenticated requests to the HF Hub. Please set a HF_TOKEN to enable higher rate limits and faster downloads.
=== Esperimento Completo BCN20000: [hybrid] su cuda ===
Mappatura file immagini su disco...
Dataset filtrato: 25272 su 25331 campioni validi.
Distribuzione classi: Negativi=20763, Melanomi=4509

==================== Fold 1/5 ====================
Epoca 01/20 | TrLoss: 0.8815 | ValLoss: 0.7255 | PR-AUC: 0.6941 | Recall: 0.8093 | MCC: 0.4794
Epoca 02/20 | TrLoss: 0.7133 | ValLoss: 0.6419 | PR-AUC: 0.7602 | Recall: 0.8459 | MCC: 0.5236
Epoca 03/20 | TrLoss: 0.6520 | ValLoss: 0.6446 | PR-AUC: 0.7569 | Recall: 0.7494 | MCC: 0.5647
Epoca 04/20 | TrLoss: 0.5973 | ValLoss: 0.5865 | PR-AUC: 0.7807 | Recall: 0.8093 | MCC: 0.5960
Epoca 05/20 | TrLoss: 0.5664 | ValLoss: 0.5843 | PR-AUC: 0.7819 | Recall: 0.8592 | MCC: 0.5585
Epoca 06/20 | TrLoss: 0.5178 | ValLoss: 0.5337 | PR-AUC: 0.8096 | Recall: 0.8769 | MCC: 0.6147
Epoca 07/20 | TrLoss: 0.4850 | ValLoss: 0.6215 | PR-AUC: 0.8001 | Recall: 0.7539 | MCC: 0.6520
Epoca 08/20 | TrLoss: 0.4504 | ValLoss: 0.5495 | PR-AUC: 0.8059 | Recall: 0.8548 | MCC: 0.6045
Epoca 09/20 | TrLoss: 0.4274 | ValLoss: 0.5778 | PR-AUC: 0.8107 | Recall: 0.8359 | MCC: 0.6260
Epoca 10/20 | TrLoss: 0.3961 | ValLoss: 0.5227 | PR-AUC: 0.8259 | Recall: 0.8825 | MCC: 0.6218
Epoca 11/20 | TrLoss: 0.3732 | ValLoss: 0.5545 | PR-AUC: 0.8228 | Recall: 0.8415 | MCC: 0.6411
Epoca 12/20 | TrLoss: 0.3618 | ValLoss: 0.5847 | PR-AUC: 0.8234 | Recall: 0.8370 | MCC: 0.6452
Epoca 13/20 | TrLoss: 0.3355 | ValLoss: 0.5354 | PR-AUC: 0.8364 | Recall: 0.8659 | MCC: 0.6585
Epoca 14/20 | TrLoss: 0.3016 | ValLoss: 0.5976 | PR-AUC: 0.8317 | Recall: 0.7971 | MCC: 0.6688
Epoca 15/20 | TrLoss: 0.2876 | ValLoss: 0.6052 | PR-AUC: 0.8217 | Recall: 0.8137 | MCC: 0.6501
Epoca 16/20 | TrLoss: 0.2778 | ValLoss: 0.5908 | PR-AUC: 0.8450 | Recall: 0.8570 | MCC: 0.6456
Epoca 17/20 | TrLoss: 0.2490 | ValLoss: 0.6152 | PR-AUC: 0.8406 | Recall: 0.8082 | MCC: 0.6898
Epoca 18/20 | TrLoss: 0.2335 | ValLoss: 0.5749 | PR-AUC: 0.8509 | Recall: 0.8814 | MCC: 0.6663
Epoca 19/20 | TrLoss: 0.2291 | ValLoss: 0.5790 | PR-AUC: 0.8580 | Recall: 0.8559 | MCC: 0.6960
Epoca 20/20 | TrLoss: 0.2153 | ValLoss: 0.6204 | PR-AUC: 0.8521 | Recall: 0.8193 | MCC: 0.6960

==================== Fold 2/5 ====================
Epoca 01/20 | TrLoss: 0.8688 | ValLoss: 0.7545 | PR-AUC: 0.6956 | Recall: 0.7749 | MCC: 0.4885
Epoca 02/20 | TrLoss: 0.7105 | ValLoss: 0.6717 | PR-AUC: 0.7331 | Recall: 0.7805 | MCC: 0.5315
Epoca 03/20 | TrLoss: 0.6484 | ValLoss: 0.6423 | PR-AUC: 0.7491 | Recall: 0.8348 | MCC: 0.5271
Epoca 04/20 | TrLoss: 0.6002 | ValLoss: 0.6112 | PR-AUC: 0.7679 | Recall: 0.8381 | MCC: 0.5645
Epoca 05/20 | TrLoss: 0.5642 | ValLoss: 0.5846 | PR-AUC: 0.7871 | Recall: 0.8115 | MCC: 0.5911
Epoca 06/20 | TrLoss: 0.5215 | ValLoss: 0.5726 | PR-AUC: 0.7844 | Recall: 0.8537 | MCC: 0.5760
Epoca 07/20 | TrLoss: 0.4913 | ValLoss: 0.5959 | PR-AUC: 0.7876 | Recall: 0.7561 | MCC: 0.6061
Epoca 08/20 | TrLoss: 0.4589 | ValLoss: 0.5743 | PR-AUC: 0.7950 | Recall: 0.8016 | MCC: 0.6219
Epoca 09/20 | TrLoss: 0.4290 | ValLoss: 0.5326 | PR-AUC: 0.8196 | Recall: 0.8891 | MCC: 0.5845
Epoca 10/20 | TrLoss: 0.4029 | ValLoss: 0.5412 | PR-AUC: 0.8206 | Recall: 0.8326 | MCC: 0.6254
Epoca 11/20 | TrLoss: 0.3728 | ValLoss: 0.6157 | PR-AUC: 0.8016 | Recall: 0.7905 | MCC: 0.6346
Epoca 12/20 | TrLoss: 0.3550 | ValLoss: 0.5467 | PR-AUC: 0.8336 | Recall: 0.7849 | MCC: 0.6599
Epoca 13/20 | TrLoss: 0.3282 | ValLoss: 0.5649 | PR-AUC: 0.8253 | Recall: 0.8182 | MCC: 0.6516
Epoca 14/20 | TrLoss: 0.3084 | ValLoss: 0.5569 | PR-AUC: 0.8386 | Recall: 0.8370 | MCC: 0.6629
Epoca 15/20 | TrLoss: 0.2863 | ValLoss: 0.5754 | PR-AUC: 0.8298 | Recall: 0.8437 | MCC: 0.6528
Epoca 16/20 | TrLoss: 0.2721 | ValLoss: 0.5957 | PR-AUC: 0.8356 | Recall: 0.7927 | MCC: 0.6767
Epoca 17/20 | TrLoss: 0.2546 | ValLoss: 0.6171 | PR-AUC: 0.8494 | Recall: 0.8071 | MCC: 0.6909
Epoca 18/20 | TrLoss: 0.2419 | ValLoss: 0.6120 | PR-AUC: 0.8542 | Recall: 0.7971 | MCC: 0.7001
Epoca 19/20 | TrLoss: 0.2209 | ValLoss: 0.6145 | PR-AUC: 0.8509 | Recall: 0.7849 | MCC: 0.7091
Epoca 20/20 | TrLoss: 0.2112 | ValLoss: 0.6017 | PR-AUC: 0.8386 | Recall: 0.8193 | MCC: 0.6850

==================== Fold 3/5 ====================
Epoca 01/20 | TrLoss: 0.8692 | ValLoss: 0.7483 | PR-AUC: 0.6846 | Recall: 0.7802 | MCC: 0.4758
Epoca 02/20 | TrLoss: 0.7041 | ValLoss: 0.6800 | PR-AUC: 0.7230 | Recall: 0.7991 | MCC: 0.5065
Epoca 03/20 | TrLoss: 0.6412 | ValLoss: 0.6517 | PR-AUC: 0.7335 | Recall: 0.8058 | MCC: 0.5362
Epoca 04/20 | TrLoss: 0.5919 | ValLoss: 0.6563 | PR-AUC: 0.7459 | Recall: 0.8635 | MCC: 0.5098
Epoca 05/20 | TrLoss: 0.5478 | ValLoss: 0.6269 | PR-AUC: 0.7530 | Recall: 0.8302 | MCC: 0.5519
Epoca 06/20 | TrLoss: 0.5146 | ValLoss: 0.6056 | PR-AUC: 0.7716 | Recall: 0.8169 | MCC: 0.5743
Epoca 07/20 | TrLoss: 0.4793 | ValLoss: 0.6254 | PR-AUC: 0.7689 | Recall: 0.7680 | MCC: 0.5866
Epoca 08/20 | TrLoss: 0.4439 | ValLoss: 0.5956 | PR-AUC: 0.7841 | Recall: 0.8235 | MCC: 0.5858
Epoca 09/20 | TrLoss: 0.4148 | ValLoss: 0.6041 | PR-AUC: 0.7953 | Recall: 0.8169 | MCC: 0.6066
Epoca 10/20 | TrLoss: 0.3951 | ValLoss: 0.6140 | PR-AUC: 0.7931 | Recall: 0.8024 | MCC: 0.5970
Epoca 11/20 | TrLoss: 0.3608 | ValLoss: 0.6073 | PR-AUC: 0.7913 | Recall: 0.7913 | MCC: 0.6178
Epoca 12/20 | TrLoss: 0.3343 | ValLoss: 0.6084 | PR-AUC: 0.8072 | Recall: 0.8158 | MCC: 0.6190
Epoca 13/20 | TrLoss: 0.3171 | ValLoss: 0.6026 | PR-AUC: 0.8143 | Recall: 0.8269 | MCC: 0.6416
Epoca 14/20 | TrLoss: 0.3060 | ValLoss: 0.6372 | PR-AUC: 0.8148 | Recall: 0.7836 | MCC: 0.6547
Epoca 15/20 | TrLoss: 0.2847 | ValLoss: 0.5662 | PR-AUC: 0.8407 | Recall: 0.8180 | MCC: 0.6666
Epoca 16/20 | TrLoss: 0.2669 | ValLoss: 0.6945 | PR-AUC: 0.8216 | Recall: 0.7481 | MCC: 0.6708
Epoca 17/20 | TrLoss: 0.2524 | ValLoss: 0.7039 | PR-AUC: 0.8220 | Recall: 0.7636 | MCC: 0.6751
Epoca 18/20 | TrLoss: 0.2303 | ValLoss: 0.6072 | PR-AUC: 0.8275 | Recall: 0.8246 | MCC: 0.6608
Epoca 19/20 | TrLoss: 0.2257 | ValLoss: 0.6896 | PR-AUC: 0.8241 | Recall: 0.8024 | MCC: 0.6588
Epoca 20/20 | TrLoss: 0.2033 | ValLoss: 0.6936 | PR-AUC: 0.8286 | Recall: 0.7858 | MCC: 0.6791

==================== Fold 4/5 ====================
Epoca 01/20 | TrLoss: 0.8679 | ValLoss: 0.7920 | PR-AUC: 0.6819 | Recall: 0.8803 | MCC: 0.3962
Epoca 02/20 | TrLoss: 0.7040 | ValLoss: 0.6843 | PR-AUC: 0.7126 | Recall: 0.7461 | MCC: 0.5183
Epoca 03/20 | TrLoss: 0.6438 | ValLoss: 0.6386 | PR-AUC: 0.7394 | Recall: 0.7938 | MCC: 0.5528
Epoca 04/20 | TrLoss: 0.5930 | ValLoss: 0.6333 | PR-AUC: 0.7348 | Recall: 0.8193 | MCC: 0.5442
Epoca 05/20 | TrLoss: 0.5475 | ValLoss: 0.6014 | PR-AUC: 0.7552 | Recall: 0.8204 | MCC: 0.5613
Epoca 06/20 | TrLoss: 0.5092 | ValLoss: 0.5917 | PR-AUC: 0.7719 | Recall: 0.8570 | MCC: 0.5538
Epoca 07/20 | TrLoss: 0.4680 | ValLoss: 0.6005 | PR-AUC: 0.7573 | Recall: 0.9047 | MCC: 0.5290
Epoca 08/20 | TrLoss: 0.4479 | ValLoss: 0.5769 | PR-AUC: 0.7835 | Recall: 0.8503 | MCC: 0.5790
Epoca 09/20 | TrLoss: 0.4018 | ValLoss: 0.5640 | PR-AUC: 0.7957 | Recall: 0.8082 | MCC: 0.6116
Epoca 10/20 | TrLoss: 0.3741 | ValLoss: 0.6025 | PR-AUC: 0.7804 | Recall: 0.8625 | MCC: 0.5778
Epoca 11/20 | TrLoss: 0.3548 | ValLoss: 0.5476 | PR-AUC: 0.8084 | Recall: 0.8404 | MCC: 0.6270
Epoca 12/20 | TrLoss: 0.3350 | ValLoss: 0.5453 | PR-AUC: 0.8118 | Recall: 0.8792 | MCC: 0.6163
Epoca 13/20 | TrLoss: 0.3164 | ValLoss: 0.5636 | PR-AUC: 0.8139 | Recall: 0.8104 | MCC: 0.6373
Epoca 14/20 | TrLoss: 0.2940 | ValLoss: 0.5801 | PR-AUC: 0.8171 | Recall: 0.8204 | MCC: 0.6537
Epoca 15/20 | TrLoss: 0.2594 | ValLoss: 0.6169 | PR-AUC: 0.8232 | Recall: 0.8259 | MCC: 0.6462
Epoca 16/20 | TrLoss: 0.2597 | ValLoss: 0.5647 | PR-AUC: 0.8271 | Recall: 0.8315 | MCC: 0.6491
Epoca 17/20 | TrLoss: 0.2269 | ValLoss: 0.6502 | PR-AUC: 0.8163 | Recall: 0.7905 | MCC: 0.6612
Epoca 18/20 | TrLoss: 0.2319 | ValLoss: 0.5586 | PR-AUC: 0.8344 | Recall: 0.8847 | MCC: 0.6441
Epoca 19/20 | TrLoss: 0.2141 | ValLoss: 0.6483 | PR-AUC: 0.8361 | Recall: 0.7938 | MCC: 0.6923
Epoca 20/20 | TrLoss: 0.2018 | ValLoss: 0.7277 | PR-AUC: 0.8197 | Recall: 0.7594 | MCC: 0.6752

==================== Fold 5/5 ====================
Epoca 01/20 | TrLoss: 0.8781 | ValLoss: 0.7858 | PR-AUC: 0.6855 | Recall: 0.8093 | MCC: 0.4481
Epoca 02/20 | TrLoss: 0.7273 | ValLoss: 0.6833 | PR-AUC: 0.7213 | Recall: 0.7727 | MCC: 0.5173
Epoca 03/20 | TrLoss: 0.6485 | ValLoss: 0.6518 | PR-AUC: 0.7447 | Recall: 0.8049 | MCC: 0.5263
Epoca 04/20 | TrLoss: 0.6007 | ValLoss: 0.6236 | PR-AUC: 0.7617 | Recall: 0.7927 | MCC: 0.5615
Epoca 05/20 | TrLoss: 0.5589 | ValLoss: 0.6049 | PR-AUC: 0.7753 | Recall: 0.8537 | MCC: 0.5523
Epoca 06/20 | TrLoss: 0.5156 | ValLoss: 0.5891 | PR-AUC: 0.7814 | Recall: 0.8160 | MCC: 0.5802
Epoca 07/20 | TrLoss: 0.4771 | ValLoss: 0.5994 | PR-AUC: 0.7783 | Recall: 0.8304 | MCC: 0.5757
Epoca 08/20 | TrLoss: 0.4516 | ValLoss: 0.6123 | PR-AUC: 0.7843 | Recall: 0.8614 | MCC: 0.5625
Epoca 09/20 | TrLoss: 0.4188 | ValLoss: 0.5886 | PR-AUC: 0.8026 | Recall: 0.8570 | MCC: 0.5775
Epoca 10/20 | TrLoss: 0.3952 | ValLoss: 0.5830 | PR-AUC: 0.8037 | Recall: 0.8326 | MCC: 0.6092
Epoca 11/20 | TrLoss: 0.3695 | ValLoss: 0.5976 | PR-AUC: 0.8028 | Recall: 0.8259 | MCC: 0.5964
Epoca 12/20 | TrLoss: 0.3277 | ValLoss: 0.6305 | PR-AUC: 0.8034 | Recall: 0.7993 | MCC: 0.6382
Epoca 13/20 | TrLoss: 0.3105 | ValLoss: 0.6108 | PR-AUC: 0.8020 | Recall: 0.8337 | MCC: 0.6118
Epoca 14/20 | TrLoss: 0.2989 | ValLoss: 0.5986 | PR-AUC: 0.8132 | Recall: 0.8359 | MCC: 0.6211
Epoca 15/20 | TrLoss: 0.2767 | ValLoss: 0.6202 | PR-AUC: 0.8305 | Recall: 0.7982 | MCC: 0.6656
Epoca 16/20 | TrLoss: 0.2589 | ValLoss: 0.6612 | PR-AUC: 0.8260 | Recall: 0.8038 | MCC: 0.6456
Epoca 17/20 | TrLoss: 0.2410 | ValLoss: 0.7226 | PR-AUC: 0.8263 | Recall: 0.7439 | MCC: 0.6910
Epoca 18/20 | TrLoss: 0.2300 | ValLoss: 0.6976 | PR-AUC: 0.8214 | Recall: 0.8049 | MCC: 0.6646
Epoca 19/20 | TrLoss: 0.2231 | ValLoss: 0.6636 | PR-AUC: 0.8397 | Recall: 0.8193 | MCC: 0.6769
Epoca 20/20 | TrLoss: 0.1987 | ValLoss: 0.7362 | PR-AUC: 0.8050 | Recall: 0.7960 | MCC: 0.6537

[COMPLETATO] Metriche salvate in: outputs/metrics_bcn_hybrid.csv
