nohup: ignoring input
Warning: You are sending unauthenticated requests to the HF Hub. Please set a HF_TOKEN to enable higher rate limits and faster downloads.
=== Esperimento Completo BCN20000: [cnn] su cuda ===
Mappatura file immagini su disco...
Dataset filtrato: 25272 su 25331 campioni validi.
Distribuzione classi: Negativi=20763, Melanomi=4509

==================== Fold 1/5 ====================
Epoca 01/20 | TrLoss: 0.9590 | ValLoss: 0.8148 | PR-AUC: 0.6037 | Recall: 0.6951 | MCC: 0.4331
Epoca 02/20 | TrLoss: 0.8049 | ValLoss: 0.7294 | PR-AUC: 0.6722 | Recall: 0.7882 | MCC: 0.4503
Epoca 03/20 | TrLoss: 0.7550 | ValLoss: 0.7181 | PR-AUC: 0.6955 | Recall: 0.6996 | MCC: 0.5199
Epoca 04/20 | TrLoss: 0.7096 | ValLoss: 0.6839 | PR-AUC: 0.7181 | Recall: 0.7605 | MCC: 0.5198
Epoca 05/20 | TrLoss: 0.6876 | ValLoss: 0.6604 | PR-AUC: 0.7328 | Recall: 0.7949 | MCC: 0.5070
Epoca 06/20 | TrLoss: 0.6528 | ValLoss: 0.6497 | PR-AUC: 0.7409 | Recall: 0.7838 | MCC: 0.5396
Epoca 07/20 | TrLoss: 0.6382 | ValLoss: 0.6426 | PR-AUC: 0.7413 | Recall: 0.8049 | MCC: 0.5245
Epoca 08/20 | TrLoss: 0.5911 | ValLoss: 0.6443 | PR-AUC: 0.7588 | Recall: 0.8004 | MCC: 0.5514
Epoca 09/20 | TrLoss: 0.5826 | ValLoss: 0.6434 | PR-AUC: 0.7540 | Recall: 0.7661 | MCC: 0.5760
Epoca 10/20 | TrLoss: 0.5556 | ValLoss: 0.6338 | PR-AUC: 0.7712 | Recall: 0.8060 | MCC: 0.5708
Epoca 11/20 | TrLoss: 0.5403 | ValLoss: 0.6206 | PR-AUC: 0.7751 | Recall: 0.8404 | MCC: 0.5534
Epoca 12/20 | TrLoss: 0.5058 | ValLoss: 0.6395 | PR-AUC: 0.7808 | Recall: 0.8115 | MCC: 0.5780
Epoca 13/20 | TrLoss: 0.4925 | ValLoss: 0.6164 | PR-AUC: 0.7847 | Recall: 0.8514 | MCC: 0.5588
Epoca 14/20 | TrLoss: 0.4762 | ValLoss: 0.6321 | PR-AUC: 0.7808 | Recall: 0.8670 | MCC: 0.5455
Epoca 15/20 | TrLoss: 0.4600 | ValLoss: 0.6291 | PR-AUC: 0.7910 | Recall: 0.8171 | MCC: 0.5974
Epoca 16/20 | TrLoss: 0.4408 | ValLoss: 0.6454 | PR-AUC: 0.7936 | Recall: 0.7905 | MCC: 0.6038
Epoca 17/20 | TrLoss: 0.4211 | ValLoss: 0.6511 | PR-AUC: 0.7948 | Recall: 0.8193 | MCC: 0.5961
Epoca 18/20 | TrLoss: 0.4067 | ValLoss: 0.6385 | PR-AUC: 0.7928 | Recall: 0.8381 | MCC: 0.5881
Epoca 19/20 | TrLoss: 0.3932 | ValLoss: 0.6594 | PR-AUC: 0.7905 | Recall: 0.8016 | MCC: 0.6055
Epoca 20/20 | TrLoss: 0.3790 | ValLoss: 0.6401 | PR-AUC: 0.8011 | Recall: 0.8404 | MCC: 0.6088

==================== Fold 2/5 ====================
Epoca 01/20 | TrLoss: 0.9566 | ValLoss: 0.8313 | PR-AUC: 0.6002 | Recall: 0.6807 | MCC: 0.4181
Epoca 02/20 | TrLoss: 0.7900 | ValLoss: 0.7611 | PR-AUC: 0.6546 | Recall: 0.7239 | MCC: 0.4588
Epoca 03/20 | TrLoss: 0.7430 | ValLoss: 0.7271 | PR-AUC: 0.6785 | Recall: 0.7661 | MCC: 0.4771
Epoca 04/20 | TrLoss: 0.7170 | ValLoss: 0.7353 | PR-AUC: 0.6843 | Recall: 0.7384 | MCC: 0.4859
Epoca 05/20 | TrLoss: 0.6831 | ValLoss: 0.7085 | PR-AUC: 0.7086 | Recall: 0.7661 | MCC: 0.5110
Epoca 06/20 | TrLoss: 0.6552 | ValLoss: 0.6992 | PR-AUC: 0.7160 | Recall: 0.7439 | MCC: 0.5294
Epoca 07/20 | TrLoss: 0.6200 | ValLoss: 0.6870 | PR-AUC: 0.7201 | Recall: 0.7871 | MCC: 0.5143
Epoca 08/20 | TrLoss: 0.5990 | ValLoss: 0.6722 | PR-AUC: 0.7436 | Recall: 0.7794 | MCC: 0.5447
Epoca 09/20 | TrLoss: 0.5706 | ValLoss: 0.7015 | PR-AUC: 0.7357 | Recall: 0.7594 | MCC: 0.5624
Epoca 10/20 | TrLoss: 0.5478 | ValLoss: 0.6713 | PR-AUC: 0.7489 | Recall: 0.7860 | MCC: 0.5480
Epoca 11/20 | TrLoss: 0.5368 | ValLoss: 0.6666 | PR-AUC: 0.7543 | Recall: 0.7993 | MCC: 0.5418
Epoca 12/20 | TrLoss: 0.5093 | ValLoss: 0.6846 | PR-AUC: 0.7574 | Recall: 0.7583 | MCC: 0.5721
Epoca 13/20 | TrLoss: 0.4907 | ValLoss: 0.6500 | PR-AUC: 0.7715 | Recall: 0.8326 | MCC: 0.5681
Epoca 14/20 | TrLoss: 0.4779 | ValLoss: 0.7304 | PR-AUC: 0.7630 | Recall: 0.7417 | MCC: 0.5882
Epoca 15/20 | TrLoss: 0.4564 | ValLoss: 0.6692 | PR-AUC: 0.7800 | Recall: 0.8071 | MCC: 0.5740
Epoca 16/20 | TrLoss: 0.4335 | ValLoss: 0.6942 | PR-AUC: 0.7744 | Recall: 0.7816 | MCC: 0.5972
Epoca 17/20 | TrLoss: 0.4147 | ValLoss: 0.7125 | PR-AUC: 0.7787 | Recall: 0.7772 | MCC: 0.6074
Epoca 18/20 | TrLoss: 0.3885 | ValLoss: 0.7217 | PR-AUC: 0.7822 | Recall: 0.7672 | MCC: 0.6156
Epoca 19/20 | TrLoss: 0.3799 | ValLoss: 0.6990 | PR-AUC: 0.7872 | Recall: 0.8060 | MCC: 0.6073
Epoca 20/20 | TrLoss: 0.3686 | ValLoss: 0.7567 | PR-AUC: 0.7909 | Recall: 0.7705 | MCC: 0.6211

==================== Fold 3/5 ====================
Epoca 01/20 | TrLoss: 0.9530 | ValLoss: 0.8337 | PR-AUC: 0.5855 | Recall: 0.7503 | MCC: 0.3717
Epoca 02/20 | TrLoss: 0.8042 | ValLoss: 0.7738 | PR-AUC: 0.6457 | Recall: 0.7137 | MCC: 0.4424
Epoca 03/20 | TrLoss: 0.7548 | ValLoss: 0.7378 | PR-AUC: 0.6794 | Recall: 0.7747 | MCC: 0.4671
Epoca 04/20 | TrLoss: 0.7194 | ValLoss: 0.7225 | PR-AUC: 0.6849 | Recall: 0.7270 | MCC: 0.5029
Epoca 05/20 | TrLoss: 0.6809 | ValLoss: 0.6882 | PR-AUC: 0.7151 | Recall: 0.7936 | MCC: 0.5092
Epoca 06/20 | TrLoss: 0.6478 | ValLoss: 0.6826 | PR-AUC: 0.7128 | Recall: 0.7958 | MCC: 0.5076
Epoca 07/20 | TrLoss: 0.6265 | ValLoss: 0.6844 | PR-AUC: 0.7179 | Recall: 0.8257 | MCC: 0.5402
Epoca 08/20 | TrLoss: 0.6046 | ValLoss: 0.6748 | PR-AUC: 0.7287 | Recall: 0.8169 | MCC: 0.5218
Epoca 09/20 | TrLoss: 0.5768 | ValLoss: 0.6633 | PR-AUC: 0.7432 | Recall: 0.7880 | MCC: 0.5433
Epoca 10/20 | TrLoss: 0.5518 | ValLoss: 0.6761 | PR-AUC: 0.7401 | Recall: 0.8013 | MCC: 0.5389
Epoca 11/20 | TrLoss: 0.5277 | ValLoss: 0.6731 | PR-AUC: 0.7327 | Recall: 0.7991 | MCC: 0.5546
Epoca 12/20 | TrLoss: 0.5007 | ValLoss: 0.6872 | PR-AUC: 0.7375 | Recall: 0.7958 | MCC: 0.5370
Epoca 13/20 | TrLoss: 0.4863 | ValLoss: 0.6669 | PR-AUC: 0.7408 | Recall: 0.8613 | MCC: 0.5405
Epoca 14/20 | TrLoss: 0.4593 | ValLoss: 0.6757 | PR-AUC: 0.7461 | Recall: 0.8224 | MCC: 0.5614
Epoca 15/20 | TrLoss: 0.4394 | ValLoss: 0.6941 | PR-AUC: 0.7576 | Recall: 0.7647 | MCC: 0.5822
Epoca 16/20 | TrLoss: 0.4266 | ValLoss: 0.6423 | PR-AUC: 0.7588 | Recall: 0.8080 | MCC: 0.5606
Epoca 17/20 | TrLoss: 0.3981 | ValLoss: 0.6918 | PR-AUC: 0.7704 | Recall: 0.8091 | MCC: 0.5750
Epoca 18/20 | TrLoss: 0.3848 | ValLoss: 0.7195 | PR-AUC: 0.7707 | Recall: 0.7703 | MCC: 0.5890
Epoca 19/20 | TrLoss: 0.3748 | ValLoss: 0.6891 | PR-AUC: 0.7601 | Recall: 0.8002 | MCC: 0.5754
Epoca 20/20 | TrLoss: 0.3485 | ValLoss: 0.6984 | PR-AUC: 0.7703 | Recall: 0.8169 | MCC: 0.5767

==================== Fold 4/5 ====================
Epoca 01/20 | TrLoss: 0.9446 | ValLoss: 0.8406 | PR-AUC: 0.5762 | Recall: 0.8137 | MCC: 0.3796
Epoca 02/20 | TrLoss: 0.7892 | ValLoss: 0.7668 | PR-AUC: 0.6337 | Recall: 0.7794 | MCC: 0.4281
Epoca 03/20 | TrLoss: 0.7446 | ValLoss: 0.7392 | PR-AUC: 0.6485 | Recall: 0.7971 | MCC: 0.4514
Epoca 04/20 | TrLoss: 0.7016 | ValLoss: 0.7060 | PR-AUC: 0.6810 | Recall: 0.8126 | MCC: 0.4736
Epoca 05/20 | TrLoss: 0.6737 | ValLoss: 0.7001 | PR-AUC: 0.6897 | Recall: 0.7993 | MCC: 0.4854
Epoca 06/20 | TrLoss: 0.6419 | ValLoss: 0.6741 | PR-AUC: 0.7057 | Recall: 0.7694 | MCC: 0.5186
Epoca 07/20 | TrLoss: 0.6154 | ValLoss: 0.6906 | PR-AUC: 0.7112 | Recall: 0.7805 | MCC: 0.5180
Epoca 08/20 | TrLoss: 0.5987 | ValLoss: 0.6643 | PR-AUC: 0.7297 | Recall: 0.7428 | MCC: 0.5454
Epoca 09/20 | TrLoss: 0.5600 | ValLoss: 0.6599 | PR-AUC: 0.7262 | Recall: 0.8104 | MCC: 0.5341
Epoca 10/20 | TrLoss: 0.5372 | ValLoss: 0.6500 | PR-AUC: 0.7319 | Recall: 0.8581 | MCC: 0.5270
Epoca 11/20 | TrLoss: 0.5130 | ValLoss: 0.6386 | PR-AUC: 0.7385 | Recall: 0.8027 | MCC: 0.5521
Epoca 12/20 | TrLoss: 0.4894 | ValLoss: 0.6453 | PR-AUC: 0.7541 | Recall: 0.8193 | MCC: 0.5608
Epoca 13/20 | TrLoss: 0.4873 | ValLoss: 0.6407 | PR-AUC: 0.7521 | Recall: 0.8537 | MCC: 0.5647
Epoca 14/20 | TrLoss: 0.4546 | ValLoss: 0.6468 | PR-AUC: 0.7619 | Recall: 0.8115 | MCC: 0.5770
Epoca 15/20 | TrLoss: 0.4353 | ValLoss: 0.6334 | PR-AUC: 0.7586 | Recall: 0.8459 | MCC: 0.5709
Epoca 16/20 | TrLoss: 0.4154 | ValLoss: 0.6474 | PR-AUC: 0.7716 | Recall: 0.8381 | MCC: 0.5765
Epoca 17/20 | TrLoss: 0.4008 | ValLoss: 0.6846 | PR-AUC: 0.7674 | Recall: 0.8182 | MCC: 0.5716
Epoca 18/20 | TrLoss: 0.3775 | ValLoss: 0.7383 | PR-AUC: 0.7613 | Recall: 0.7849 | MCC: 0.5882
Epoca 19/20 | TrLoss: 0.3757 | ValLoss: 0.6999 | PR-AUC: 0.7736 | Recall: 0.8248 | MCC: 0.6130
Epoca 20/20 | TrLoss: 0.3505 | ValLoss: 0.7035 | PR-AUC: 0.7766 | Recall: 0.8182 | MCC: 0.6088

==================== Fold 5/5 ====================
Epoca 01/20 | TrLoss: 0.9479 | ValLoss: 0.8468 | PR-AUC: 0.5836 | Recall: 0.8004 | MCC: 0.3884
Epoca 02/20 | TrLoss: 0.7953 | ValLoss: 0.7703 | PR-AUC: 0.6545 | Recall: 0.8248 | MCC: 0.4208
Epoca 03/20 | TrLoss: 0.7535 | ValLoss: 0.7472 | PR-AUC: 0.6852 | Recall: 0.8448 | MCC: 0.4404
Epoca 04/20 | TrLoss: 0.7142 | ValLoss: 0.7173 | PR-AUC: 0.7065 | Recall: 0.8060 | MCC: 0.4769
Epoca 05/20 | TrLoss: 0.6868 | ValLoss: 0.7123 | PR-AUC: 0.7138 | Recall: 0.8714 | MCC: 0.4513
Epoca 06/20 | TrLoss: 0.6522 | ValLoss: 0.6830 | PR-AUC: 0.7162 | Recall: 0.7849 | MCC: 0.5251
Epoca 07/20 | TrLoss: 0.6254 | ValLoss: 0.6832 | PR-AUC: 0.7293 | Recall: 0.8725 | MCC: 0.4812
Epoca 08/20 | TrLoss: 0.6023 | ValLoss: 0.6712 | PR-AUC: 0.7348 | Recall: 0.8703 | MCC: 0.5061
Epoca 09/20 | TrLoss: 0.5719 | ValLoss: 0.6622 | PR-AUC: 0.7457 | Recall: 0.8614 | MCC: 0.5013
Epoca 10/20 | TrLoss: 0.5492 | ValLoss: 0.6865 | PR-AUC: 0.7323 | Recall: 0.8115 | MCC: 0.5310
Epoca 11/20 | TrLoss: 0.5270 | ValLoss: 0.6673 | PR-AUC: 0.7594 | Recall: 0.8082 | MCC: 0.5555
Epoca 12/20 | TrLoss: 0.5051 | ValLoss: 0.6731 | PR-AUC: 0.7500 | Recall: 0.8282 | MCC: 0.5292
Epoca 13/20 | TrLoss: 0.4875 | ValLoss: 0.6681 | PR-AUC: 0.7582 | Recall: 0.8381 | MCC: 0.5459
Epoca 14/20 | TrLoss: 0.4606 | ValLoss: 0.6811 | PR-AUC: 0.7583 | Recall: 0.8093 | MCC: 0.5624
Epoca 15/20 | TrLoss: 0.4491 | ValLoss: 0.6665 | PR-AUC: 0.7627 | Recall: 0.8193 | MCC: 0.5628
Epoca 16/20 | TrLoss: 0.4244 | ValLoss: 0.6717 | PR-AUC: 0.7719 | Recall: 0.8359 | MCC: 0.5696
Epoca 17/20 | TrLoss: 0.4172 | ValLoss: 0.6863 | PR-AUC: 0.7740 | Recall: 0.7838 | MCC: 0.5997
Epoca 18/20 | TrLoss: 0.3862 | ValLoss: 0.6719 | PR-AUC: 0.7878 | Recall: 0.8171 | MCC: 0.5870
Epoca 19/20 | TrLoss: 0.3828 | ValLoss: 0.7054 | PR-AUC: 0.7909 | Recall: 0.7871 | MCC: 0.6160
Epoca 20/20 | TrLoss: 0.3578 | ValLoss: 0.6642 | PR-AUC: 0.7868 | Recall: 0.8758 | MCC: 0.5681

[COMPLETATO] Metriche salvate in: outputs/metrics_bcn_cnn.csv
